// Jest Snapshot v1, https://goo.gl/fbAQLP

exports[`matches snapshot 1`] = `
Object {
  "baseUrl": "https://api.magicthegathering.io",
  "cardsEndpoint": "https://api.magicthegathering.io/v1/cards",
  "typesEndpoint": "https://api.magicthegathering.io/v1/types",
}
`;
